// Jest Snapshot v1, https://goo.gl/fbAQLP

exports[`ValueBar test snapshot 1`] = `
.c0 {
  width: 100%;
}

.c1 {
  height: 10px;
}

<div
  class="c0"
>
  <div
    class="MuiBox-root MuiBox-root-2"
  >
    <div
      class="MuiBox-root MuiBox-root-3"
    >
      <div
        class="MuiLinearProgress-root MuiLinearProgress-colorPrimary c1 MuiLinearProgress-indeterminate"
        role="progressbar"
      >
        <div
          class="MuiLinearProgress-bar MuiLinearProgress-barColorPrimary MuiLinearProgress-bar1Indeterminate"
        />
        <div
          class="MuiLinearProgress-bar MuiLinearProgress-bar2Indeterminate MuiLinearProgress-barColorPrimary"
        />
      </div>
    </div>
  </div>
</div>
`;
